C:\Users\ashwini_hemegowda\Downloads\practce\practce\src\main\java\com\torryharris\practce\model\Employee.java
C:\Users\ashwini_hemegowda\Downloads\practce\practce\src\main\java\com\torryharris\practce\controller\EmployeeController.java
C:\Users\ashwini_hemegowda\Downloads\practce\practce\src\main\java\com\torryharris\practce\Exception\EmployeeNotFoundException.java
C:\Users\ashwini_hemegowda\Downloads\practce\practce\src\main\java\com\torryharris\practce\repository\EmployeeRepository.java
C:\Users\ashwini_hemegowda\Downloads\practce\practce\src\main\java\com\torryharris\practce\PractceApplication.java
C:\Users\ashwini_hemegowda\Downloads\practce\practce\src\main\java\com\torryharris\practce\Hello.java
C:\Users\ashwini_hemegowda\Downloads\practce\practce\src\main\java\com\torryharris\practce\service\DepartmentService.java
C:\Users\ashwini_hemegowda\Downloads\practce\practce\src\main\java\com\torryharris\practce\model\Department.java
C:\Users\ashwini_hemegowda\Downloads\practce\practce\src\main\java\com\torryharris\practce\Exception\DepartmentNotFoundException.java
C:\Users\ashwini_hemegowda\Downloads\practce\practce\src\main\java\com\torryharris\practce\service\EmployeeService.java
C:\Users\ashwini_hemegowda\Downloads\practce\practce\src\main\java\com\torryharris\practce\Exception\CustomExceptionHandler.java
C:\Users\ashwini_hemegowda\Downloads\practce\practce\src\main\java\com\torryharris\practce\controller\DepartmentController.java
C:\Users\ashwini_hemegowda\Downloads\practce\practce\src\main\java\com\torryharris\practce\Exception\EmployeeAlreadyExistsException.java
C:\Users\ashwini_hemegowda\Downloads\practce\practce\src\main\java\com\torryharris\practce\repository\DepartmentRepository.java
